Test 1:
compiled successfully
Test 2:
line 3 col 10: Syntax error, unexpected input.
line 4 col 9: Unexpected indentation.
line 5 col 1: Syntax error, expected: operator, Identifier, number, $, !, string, #, [, def, {, return, break, if, try, throw, for
Test 3:
line 5 col 30: Syntax error, expected: operator, ., [, ,, ]
line 6 col 1: Syntax error, expected: operator, ., [, ,, ]
