fib = <def fib(n): <<if ([n] == 0) then <<return 1>>><elif ([n] == 1) then <<return 1>>><else <<return (<call [fib](([n] - 2))> + <call [fib](([n] - 1))>)>>>>>
x = 8
out = foofoofoofoo
test = <def test(i): <[pass]><<for j in [i], do <([out] += "foo")>>>>
y = 
out2 = [1,2,3]
out3 = 1
test2 = <def test2(i): <<[out2] = [arguments]>><<[out3] = [i]>>>
outi = 1
outj = 
outk = 
test3 = <def test3(i,j,k): <<[outi] = [i]>><<[outj] = [j]>><<[outk] = [k]>>>
